Files did not match, but no text differences detected.