2 Differences found between approved and received:                                             
                                                                                               
File                   Length       Lines                                                      
-------- -------------------- -----------                                                      
Approved                   13           2                                                      
Received                    0           0                                                      
                                                                                               
File             Line Text                                                                     
-------- ------------ ------                                                                   
Approved            1 Line 1                                                                   
Received            1                                                                          
Approved            2 Line 2                                                                   
Received            2                                                                          
                                                                                               