Test Title                                        
----------                                        
                                            Height
                                                In
Name  Description                           Metres
----- ------------------------------------- ------
Alder Alder is a species of tree growing to     30
      a height of 30 metres.                      
Apple The beautiful Apple tree can grow to      12
      a height of 12 metres.                      
Ash   At up to 35 metres tall, the Ash is a     35
      fine example of a british tree.             
Birch Distinctive and evocative of a            25
      British landscape, the Birch tree is        
      truly a 25 metre asset worth                
      preserving                                  
Beech Beech is a species of tree growing to     50
      a height of 50 metres.                      
                                                  