Table                                                                                          
-----                                                                                          
Difference Name         A       C                                                              
---------- ------------ ------- -------                                                        
Updated    Test 2       5 ==> 8 7 ==> 3                                                        
Deleted    Test 3                                                                              
Inserted   Test 4                                                                              
                                                                                               