Test                                                                                           
----                                                                                           
     Key Surname      FirstName     TimeStamp                 Double      Decimal Bytes        
-------- ------------ ------------- ------------------- ------------ ------------ -------------
       1 Surname 1    First Name 1  21/03/2020 11:06:01         0.33         0.33 System.Byte[]
       2 Surname 2    First Name 2  21/03/2020 11:06:02         0.67         0.67 System.Byte[]
       3 Surname 3    First Name 3  21/03/2020 11:06:03         1.00         1.00 System.Byte[]
       4 Surname 4    First Name 4  21/03/2020 11:06:04         1.33         1.33 System.Byte[]
       5 Surname 5    First Name 5  21/03/2020 11:06:05         1.67         1.67 System.Byte[]
       6 Surname 6    First Name 6  21/03/2020 11:06:06         2.00         2.00 System.Byte[]
       7 Surname 7    First Name 7  21/03/2020 11:06:07         2.33         2.33 System.Byte[]
       8 Surname 8    First Name 8  21/03/2020 11:06:08         2.67         2.67 System.Byte[]
       9 Surname 9    First Name 9  21/03/2020 11:06:09         3.00         3.00 System.Byte[]
      10 Surname 10   First Name 10 21/03/2020 11:06:10         3.33         3.33 System.Byte[]
                                                                                               