Tables Defined                                                                                 
--------------                                                                                 
                      Primary Compare                                                          
Table Name            Key     Key                                                              
--------------------- ------- -------                                                          
LocalTable            Id                                                                       
LocalParentTable      Id                                                                       
LocalReferencingTable Id                                                                       
                                                                                               