Table Definitions                                                                              
-----------------                                                                              
Table Name                                                                                     
---------------------                                                                          
LocalTable                                                                                     
                                                                                               
         Is      Is                               Referenced                                   
         Primary Compare Is            Referenced Property                                     
    Name Key     Key     Unpredictable Table Name Name                                         
    ---- ------- ------- ------------- ---------- ----------                                   
    Id   False   False   True                                                                  
                                                                                               
Table Name                                                                                     
---------------------                                                                          
LocalParentTable                                                                               
                                                                                               
         Is      Is                               Referenced                                   
         Primary Compare Is            Referenced Property                                     
    Name Key     Key     Unpredictable Table Name Name                                         
    ---- ------- ------- ------------- ---------- ----------                                   
    Id   False   False   True                                                                  
                                                                                               
Table Name                                                                                     
---------------------                                                                          
LocalReferencingTable                                                                          
                                                                                               
              Is      Is                                Referenced                             
              Primary Compare Is            Referenced  Property                               
    Name      Key     Key     Unpredictable Table Name  Name                                   
    --------- ------- ------- ------------- ----------- ----------                             
    Id        False   False   True                                                             
    ParentId1 False   False   False         ParentTable Id                                     
                                                                                               
                                                                                               