Data                                                                                           
----                                                                                           
           A B                       C                                                         
------------ ------------ ------------                                                         
           1 Bee                  5.50                                                         
           2 Cee                  6.60                                                         
           3 Dee                  7.70                                                         
           4 Eee                  8.80                                                         
           5 Eff                  9.90                                                         
                                                                                               