Test                                                                                           
----                                                                                           
          Id       NotKey                                                                      
------------ ------------                                                                      
                      100                                                                      
                                                                                               