Table                                                                                          
-----                                                                                          
Difference Name                                                                                
---------- ------------                                                                        
Deleted    Test 3                                                                              
                                                                                               