CompoundKeyTable                                                                               
----------------                                                                               
                                     Int32Col     Int32Col                                     
Difference Id           Name         before       after                                        
---------- ------------ ------------ ------------ ------------                                 
Updated    1            1            5            6                                            
Updated    3            3            7            6                                            
                                                                                               