WrapAndMeasureWordsCanWorkWithSplitData

Original:
One two three four five six seven eight nine ten eleven.

Wrapped:
12345678901234567890
---------+---------+
One two three four
five six seven eight
nine ten eleven.

Added line breaks = 2