               fivew
               again
ten widexx     again
more       3wd again
