[18,0,"one     two  three"][0,0,""][8,0,"    four"][0,0,""][4,0,"five"][0,0,""][3,0,"six"]