----+----|----+----|
Format heading: 
Some simple text
      Index
-----------
          0
          1
          2
          3
          4

End