----+----|----+
String1:      A
simple string
value