----+----|----+----|----+----|
String1: A simple string value
String2:   LongValueWord short
Double:                   3.14
Date Time: 05/05/2014 19:23:52