----+----|----+----|----+----|
String1:  pre formatted string