----+----|----+----|
Heading: A nice long
 value that can only
 be accomodated with
      word wrapping.
End