                                                                             exp
    ----------------------------------------------------------------------------
                                                                    Test value 0
                                                                                
             Nested                                                             
        -----------                                                             
                  0                                                             
                  1                                                             
                  2                                                             
                  3                                                             
                                                                                
                                                                             exp
    ----------------------------------------------------------------------------
                                                                    Test value 1
                                                                                
             Nested                                                             
        -----------                                                             
                  1                                                             
                  2                                                             
                  3                                                             
                  4                                                             
                                                                                
                                                                             exp
    ----------------------------------------------------------------------------
                                                                    Test value 2
                                                                                
             Nested                                                             
        -----------                                                             
                  2                                                             
                  3                                                             
                  4                                                             
                  5                                                             
                                                                                
                                                                             exp
    ----------------------------------------------------------------------------
                                                                    Test value 3
                                                                                
             Nested                                                             
        -----------                                                             
                  3                                                             
                  4                                                             
                  5                                                             
                  6                                                             
                                                                                
                                                                             exp
--------------------------------------------------------------------------------
                                                                    Test value 0
                                                                                
         Nested                                                                 
    -----------                                                                 
              0                                                                 
              1                                                                 
              2                                                                 
              3                                                                 
                                                                                
                                                                             exp
--------------------------------------------------------------------------------
                                                                    Test value 1
                                                                                
         Nested                                                                 
    -----------                                                                 
              1                                                                 
              2                                                                 
              3                                                                 
              4                                                                 
                                                                                
                                                                             exp
--------------------------------------------------------------------------------
                                                                    Test value 2
                                                                                
         Nested                                                                 
    -----------                                                                 
              2                                                                 
              3                                                                 
              4                                                                 
              5                                                                 
                                                                                
                                                                             exp
--------------------------------------------------------------------------------
                                                                    Test value 3
                                                                                
         Nested                                                                 
    -----------                                                                 
              3                                                                 
              4                                                                 
              5                                                                 
              6                                                                 
                                                                                
                                                                                