  Test Value                                                                    
------------                                                                    
Test value 0                                                                    
Test value 1                                                                    
Test value 2                                                                    
Test value 3                                                                    
                                                                                