----+----|----+----|----+----|----+----|----+----|
Value Text.
----- -----
X     Text 

      Child Int
    -----------
              0
              1

