    Col                                                                         
    ----------------------------------------------------------------------------
                                                                                
                                                                                
        Report 1                                                                
        --------                                                                
             Nested                                                             
        -----------                                                             
                                                                                
        Report 2                                                                
        --------                                                                
             Nested                                                             
        -----------                                                             
                  1                                                             
                  2                                                             
                  3                                                             
                  4                                                             
                                                                                
                                                                                