S          Def                                                                  
---------- -----                                                                
short      short                                                                
short      short                                                                
short      short                                                                
short      short                                                                
                                                                                